                      :-) GROMACS - gmx mdrun, 2025.2 (-:

Copyright 1991-2025 The GROMACS Authors.
GROMACS is free software; you can redistribute it and/or modify it
under the terms of the GNU Lesser General Public License
as published by the Free Software Foundation; either version 2.1
of the License, or (at your option) any later version.

                         Current GROMACS contributors:
       Mark Abraham           Andrey Alekseenko           Brian Andrews       
      Vladimir Basov              Paul Bauer                Hugh Bird         
      Eliane Briand               Ania Brown              Mahesh Doijade      
      Giacomo Fiorin          Stefan Fleischmann          Sergey Gorelov      
   Gilles Gouaillardet            Alan Gray              M. Eric Irrgang      
   Farzaneh Jalalypour         Petter Johansson          Carsten Kutzner      
    Grzegorz Łazarski         Justin A. Lemkul          Magnus Lundborg      
       Pascal Merz             Vedran Miletić            Dmitry Morozov      
     Lukas Müllender            Julien Nabet             Szilárd Páll      
 Andrea Pasquadibisceglie     Michele Pellegrino         Nicola Piasentin     
     Daniele Rapetti         Muhammad Umair Sadiq         Hubert Santuz       
      Roland Schulz             Michael Shirts           Tatiana Shugaeva     
     Alexey Shvetsov            Philip Turner            Alessandra Villa     
 Sebastian Wingbermühle  

                         Previous GROMACS contributors:
        Emile Apol             Rossen Apostolov           James Barnett       
  Herman J.C. Berendsen         Cathrine Bergh             Par Bjelkmar       
      Christian Blau          Viacheslav Bolnykh            Kevin Boyd        
    Aldert van Buuren          Carlo Camilloni           Rudi van Drunen      
      Anton Feenstra           Oliver Fleetwood            Vytas Gapsys       
       Gaurav Garg             Gerrit Groenhof            Bert de Groot       
      Anca Hamuraru           Vincent Hindriksen          Victor Holanda      
     Aleksei Iupinov              Joe Jordan            Christoph Junghans    
    Prashanth Kanduri        Dimitrios Karkoulis           Peter Kasson       
      Sebastian Kehl           Sebastian Keller             Jiri Kraus        
       Per Larsson              Viveca Lindahl            Erik Marklund       
    Pieter Meulenhoff           Teemu Murtola              Sander Pronk       
      Alfons Sijbers            Balint Soproni         David van der Spoel    
      Peter Tieleman            Carsten Uphoff             Jon Vincent        
     Teemu Virolainen         Christian Wennberg           Maarten Wolf       
      Artem Zhmurov       

                  Coordinated by the GROMACS project leaders:
                           Berk Hess and Erik Lindahl

GROMACS:      gmx mdrun, version 2025.2
Executable:   /usr/local/gromacs-gpu/bin/gmx
Data prefix:  /usr/local/gromacs-gpu
Working dir:  /home/chan/Research/Monomer screening in Bio/results/phase1/CD63/stability_md
Process ID:   68335
Command line:
  gmx mdrun -deffnm md -v -nb gpu -gpu_id 0

GROMACS version:     2025.2
Precision:           mixed
Memory model:        64 bit
MPI library:         thread_mpi
OpenMP support:      enabled (GMX_OPENMP_MAX_THREADS = 128)
GPU support:         CUDA
NBNxM GPU setup:     super-cluster 2x2x2 / cluster 8 (cluster-pair splitting on)
SIMD instructions:   AVX_512
CPU FFT library:     fftw-3.3.10-sse2-avx-avx2-avx2_128-avx512
GPU FFT library:     cuFFT
Multi-GPU FFT:       none
RDTSCP usage:        enabled
TNG support:         enabled
Hwloc support:       disabled
Tracing support:     disabled
C compiler:          /usr/bin/cc GNU 11.4.0
C compiler flags:    -fexcess-precision=fast -funroll-all-loops -march=skylake-avx512 -Wno-missing-field-initializers -O3 -DNDEBUG
C++ compiler:        /usr/bin/c++ GNU 11.4.0
C++ compiler flags:  -fexcess-precision=fast -funroll-all-loops -march=skylake-avx512 -Wno-missing-field-initializers -Wno-cast-function-type-strict SHELL:-fopenmp -O3 -DNDEBUG
BLAS library:        Internal
LAPACK library:      Internal
CUDA compiler:       /usr/local/cuda-12.6/bin/nvcc nvcc: NVIDIA (R) Cuda compiler driver;Copyright (c) 2005-2024 NVIDIA Corporation;Built on Tue_Oct_29_23:50:19_PDT_2024;Cuda compilation tools, release 12.6, V12.6.85;Build cuda_12.6.r12.6/compiler.35059454_0
CUDA compiler flags: -O3 -DNDEBUG
CUDA driver:         13.10
CUDA runtime:        12.60


Running on 1 node with total 6 cores, 12 processing units, 1 compatible GPU
Hardware detected on host DESKTOP-CHAN:
  CPU info:
    Vendor: AMD
    Brand:  AMD Ryzen 7 7700X 8-Core Processor             
    Family: 25   Model: 97   Stepping: 2
    Features: aes amd apic avx avx2 avx512f avx512cd avx512bw avx512vl avx512bf16 avx512secondFMA clfsh cmov cx8 cx16 f16c fma htt lahf misalignsse mmx msr nonstop_tsc pclmuldq pdpe1gb popcnt pse rdrnd rdtscp sha sse2 sse3 sse4a sse4.1 sse4.2 ssse3
  Hardware topology: Basic
    Packages, cores, and logical processors:
    [indices refer to OS logical processors]
      Package  0: [   0   1] [   2   3] [   4   5] [   6   7] [   8   9] [  10  11]
    CPU limit set by OS: -1   Recommended max number of threads: 12
  GPU info:
    Number of GPUs detected: 1
    #0: NVIDIA NVIDIA GeForce RTX 4070 Ti, compute cap.: 8.9, ECC:  no, stat: compatible


++++ PLEASE READ AND CITE THE FOLLOWING REFERENCE ++++
M. J. Abraham, T. Murtola, R. Schulz, S. Páll, J. C. Smith, B. Hess, E.
Lindahl
GROMACS: High performance molecular simulations through multi-level
parallelism from laptops to supercomputers
SoftwareX (2015)
DOI: 10.1016/j.softx.2015.06.001
-------- -------- --- Thank You --- -------- --------


++++ PLEASE READ AND CITE THE FOLLOWING REFERENCE ++++
S. Páll, M. J. Abraham, C. Kutzner, B. Hess, E. Lindahl
Tackling Exascale Software Challenges in Molecular Dynamics Simulations with
GROMACS
In S. Markidis & E. Laure (Eds.), Solving Software Challenges for Exascale (2015)
DOI: 10.1007/978-3-319-15976-8_1
-------- -------- --- Thank You --- -------- --------


++++ PLEASE READ AND CITE THE FOLLOWING REFERENCE ++++
S. Pronk, S. Páll, R. Schulz, P. Larsson, P. Bjelkmar, R. Apostolov, M. R.
Shirts, J. C. Smith, P. M. Kasson, D. van der Spoel, B. Hess, E. Lindahl
GROMACS 4.5: a high-throughput and highly parallel open source molecular
simulation toolkit
Bioinformatics (2013)
DOI: 10.1093/bioinformatics/btt055
-------- -------- --- Thank You --- -------- --------


++++ PLEASE READ AND CITE THE FOLLOWING REFERENCE ++++
B. Hess, C. Kutzner, D. van der Spoel, E. Lindahl
GROMACS 4: Algorithms for highly efficient, load-balanced, and scalable
molecular simulation
J. Chem. Theory Comput. (2008)
DOI: 10.1021/ct700301q
-------- -------- --- Thank You --- -------- --------


++++ PLEASE READ AND CITE THE FOLLOWING REFERENCE ++++
D. van der Spoel, E. Lindahl, B. Hess, G. Groenhof, A. E. Mark, H. J. C.
Berendsen
GROMACS: Fast, Flexible and Free
J. Comp. Chem. (2005)
DOI: 10.1002/jcc.20291
-------- -------- --- Thank You --- -------- --------


++++ PLEASE READ AND CITE THE FOLLOWING REFERENCE ++++
E. Lindahl, B. Hess, D. van der Spoel
GROMACS 3.0: A package for molecular simulation and trajectory analysis
J. Mol. Mod. (2001)
DOI: 10.1007/s008940100045
-------- -------- --- Thank You --- -------- --------


++++ PLEASE READ AND CITE THE FOLLOWING REFERENCE ++++
H. J. C. Berendsen, D. van der Spoel and R. van Drunen
GROMACS: A message-passing parallel molecular dynamics implementation
Comp. Phys. Comm. (1995)
DOI: 10.1016/0010-4655(95)00042-E
-------- -------- --- Thank You --- -------- --------


++++ PLEASE CITE THE DOI FOR THIS VERSION OF GROMACS ++++
https://doi.org/10.5281/zenodo.15387018
-------- -------- --- Thank You --- -------- --------

Input Parameters:
   integrator                     = md
   tinit                          = 0
   dt                             = 0.002
   nsteps                         = 10000000
   init-step                      = 0
   simulation-part                = 1
   mts                            = false
   mass-repartition-factor        = 1
   comm-mode                      = Linear
   nstcomm                        = 100
   bd-fric                        = 0
   ld-seed                        = -437324801
   emtol                          = 10
   emstep                         = 0.01
   niter                          = 20
   fcstep                         = 0
   nstcgsteep                     = 1000
   nbfgscorr                      = 10
   rtpi                           = 0.05
   nstxout                        = 0
   nstvout                        = 0
   nstfout                        = 0
   nstlog                         = 5000
   nstcalcenergy                  = 100
   nstenergy                      = 5000
   nstxout-compressed             = 5000
   compressed-x-precision         = 1000
   cutoff-scheme                  = Verlet
   nstlist                        = 10
   pbc                            = xyz
   periodic-molecules             = false
   verlet-buffer-tolerance        = 0.005
   verlet-buffer-pressure-tolerance = 0.5
   rlist                          = 1
   coulombtype                    = PME
   coulomb-modifier               = Potential-shift
   rcoulomb-switch                = 0
   rcoulomb                       = 1
   epsilon-r                      = 1
   epsilon-rf                     = inf
   vdw-type                       = Cut-off
   vdw-modifier                   = Potential-shift
   rvdw-switch                    = 0
   rvdw                           = 1
   DispCorr                       = No
   table-extension                = 1
   fourierspacing                 = 0.12
   fourier-nx                     = 64
   fourier-ny                     = 64
   fourier-nz                     = 64
   pme-order                      = 4
   ewald-rtol                     = 1e-05
   ewald-rtol-lj                  = 0.001
   lj-pme-comb-rule               = Geometric
   ewald-geometry                 = 3d
   epsilon-surface                = 0
   ensemble-temperature-setting   = constant
   ensemble-temperature           = 300
   tcoupl                         = V-rescale
   nsttcouple                     = 10
   nh-chain-length                = 0
   print-nose-hoover-chain-variables = false
   pcoupl                         = Parrinello-Rahman
   pcoupltype                     = Isotropic
   nstpcouple                     = 50
   tau-p                          = 2
   compressibility (3x3):
      compressibility[    0]={ 4.50000e-05,  0.00000e+00,  0.00000e+00}
      compressibility[    1]={ 0.00000e+00,  4.50000e-05,  0.00000e+00}
      compressibility[    2]={ 0.00000e+00,  0.00000e+00,  4.50000e-05}
   ref-p (3x3):
      ref-p[    0]={ 1.00000e+00,  0.00000e+00,  0.00000e+00}
      ref-p[    1]={ 0.00000e+00,  1.00000e+00,  0.00000e+00}
      ref-p[    2]={ 0.00000e+00,  0.00000e+00,  1.00000e+00}
   refcoord-scaling               = No
   posres-com: not available
   posres-comB: not available
   QMMM                           = false
qm-opts:
   ngQM                           = 0
   constraint-algorithm           = Lincs
   continuation                   = true
   Shake-SOR                      = false
   shake-tol                      = 0.0001
   lincs-order                    = 4
   lincs-iter                     = 1
   lincs-warnangle                = 30
   nwall                          = 0
   wall-type                      = 9-3
   wall-r-linpot                  = -1
   wall-atomtype[0]               = -1
   wall-atomtype[1]               = -1
   wall-density[0]                = 0
   wall-density[1]                = 0
   wall-ewald-zfac                = 3
   pull                           = false
   awh                            = false
   rotation                       = false
   interactiveMD                  = false
   disre                          = No
   disre-weighting                = Conservative
   disre-mixed                    = false
   dr-fc                          = 1000
   dr-tau                         = 0
   nstdisreout                    = 100
   orire-fc                       = 0
   orire-tau                      = 0
   nstorireout                    = 100
   free-energy                    = no
   cos-acceleration               = 0
   deform (3x3):
      deform[    0]={ 0.00000e+00,  0.00000e+00,  0.00000e+00}
      deform[    1]={ 0.00000e+00,  0.00000e+00,  0.00000e+00}
      deform[    2]={ 0.00000e+00,  0.00000e+00,  0.00000e+00}
   simulated-tempering            = false
   swapcoords                     = no
   userint1                       = 0
   userint2                       = 0
   userint3                       = 0
   userint4                       = 0
   userreal1                      = 0
   userreal2                      = 0
   userreal3                      = 0
   userreal4                      = 0
   applied-forces:
     electric-field:
       x:
         E0                       = 0
         omega                    = 0
         t0                       = 0
         sigma                    = 0
       y:
         E0                       = 0
         omega                    = 0
         t0                       = 0
         sigma                    = 0
       z:
         E0                       = 0
         omega                    = 0
         t0                       = 0
         sigma                    = 0
     density-guided-simulation:
       active                     = false
       group                      = protein
       similarity-measure         = inner-product
       atom-spreading-weight      = unity
       force-constant             = 1e+09
       gaussian-transform-spreading-width = 0.2
       gaussian-transform-spreading-range-in-multiples-of-width = 4
       reference-density-filename = reference.mrc
       nst                        = 1
       normalize-densities        = true
       adaptive-force-scaling     = false
       adaptive-force-scaling-time-constant = 4
       shift-vector               = 
       transformation-matrix      = 
     qmmm-cp2k:
       active                     = false
       qmgroup                    = System
       qmmethod                   = PBE
       qmfilenames                = 
       qmcharge                   = 0
       qmmultiplicity             = 1
     colvars:
       active                     = false
       configfile                 = 
       seed                       = -1
     nnpot:
       active                     = false
       modelfile                  = model.pt
       input-group                = System
       model-input1               = 
       model-input2               = 
       model-input3               = 
       model-input4               = 
grpopts:
   nrdf:     3953.78     50496.2
   ref-t:         300         300
   tau-t:         0.1         0.1
annealing:          No          No
annealing-npoints:           0           0
   acc:	           0           0           0
   nfreeze:           N           N           N
   energygrp-flags[  0]: 0

Changing nstlist from 10 to 100, rlist from 1 to 1.166

When checking whether update groups are usable:
  Domain decomposition is not active, so there is no need for update groups

Local state does not use filler particles

1 GPU selected for this run.
Mapping of GPU IDs to the 2 GPU tasks in the 1 rank on this node:
  PP:0,PME:0
PP tasks will do (non-perturbed) short-ranged interactions on the GPU
PP task will update and constrain coordinates on the GPU
PME tasks will do all aspects on the GPU
Using 1 MPI thread
Using 6 OpenMP threads 

System total charge: 0.000
Will do PME sum in reciprocal space for electrostatic interactions.

++++ PLEASE READ AND CITE THE FOLLOWING REFERENCE ++++
U. Essmann, L. Perera, M. L. Berkowitz, T. Darden, H. Lee, L. G. Pedersen 
A smooth particle mesh Ewald method
J. Chem. Phys. (1995)
DOI: 10.1063/1.470117
-------- -------- --- Thank You --- -------- --------

Using a Gaussian width (1/beta) of 0.320163 nm for Ewald
Potential shift: LJ r^-12: -1.000e+00 r^-6: -1.000e+00, Ewald -1.000e-05
Initialized non-bonded Coulomb Ewald tables, spacing: 9.33e-04 size: 1073

Generated table with 1083 data points for 1-4 COUL.
Tabscale = 500 points/nm
Generated table with 1083 data points for 1-4 LJ6.
Tabscale = 500 points/nm
Generated table with 1083 data points for 1-4 LJ12.
Tabscale = 500 points/nm


Using GPU 8x4 nonbonded short-range kernels

NBNxM GPU setup: super-cluster 2x2x2

Using a dual 8x4 pair-list setup updated with dynamic, rolling pruning:
  outer list: updated every 100 steps, buffer 0.166 nm, rlist 1.166 nm
  inner list: updated every   8 steps, buffer 0.001 nm, rlist 1.001 nm
At tolerance 0.005 kJ/mol/ps per atom, equivalent classical 1x1 list would be:
  outer list: updated every 100 steps, buffer 0.306 nm, rlist 1.306 nm
  inner list: updated every   8 steps, buffer 0.030 nm, rlist 1.030 nm

The average pressure is off by at most 0.53 bar due to missing LJ interactions

Using Lorentz-Berthelot Lennard-Jones combination rule

Pinning threads with an auto-selected logical cpu stride of 2

Initializing LINear Constraint Solver

++++ PLEASE READ AND CITE THE FOLLOWING REFERENCE ++++
B. Hess, H. Bekker, H. J. C. Berendsen, J. G. E. M. Fraaije
LINCS: A Linear Constraint Solver for molecular simulations
J. Comp. Chem. (1997)
DOI: 10.1002/(sici)1096-987x(199709)18:12<1463::aid-jcc4>3.0.co;2-h
-------- -------- --- Thank You --- -------- --------

The number of constraints is 771

++++ PLEASE READ AND CITE THE FOLLOWING REFERENCE ++++
S. Miyamoto, P. A. Kollman
SETTLE: An Analytical Version of the SHAKE and RATTLE Algorithms for Rigid
Water Models
J. Comp. Chem. (1992)
DOI: 10.1002/jcc.540130805
-------- -------- --- Thank You --- -------- --------


++++ PLEASE READ AND CITE THE FOLLOWING REFERENCE ++++
G. Bussi, D. Donadio, M. Parrinello
Canonical sampling through velocity rescaling
J. Chem. Phys. (2007)
DOI: 10.1063/1.2408420
-------- -------- --- Thank You --- -------- --------

There are: 26798 Atoms

Updating coordinates and applying constraints on the GPU.
Center of mass motion removal mode is Linear
We have the following groups for center of mass motion removal:
  0:  rest

Started mdrun on rank 0 Tue Mar 31 18:31:20 2026

           Step           Time
              0        0.00000

   Energies (kJ/mol)
           Bond          Angle    Proper Dih. Per. Imp. Dih.          LJ-14
    1.20066e+03    3.25565e+03    4.17509e+03    2.36613e+02    1.49291e+03
     Coulomb-14        LJ (SR)   Coulomb (SR)   Coul. recip.      Potential
    1.71042e+04    4.99493e+04   -4.45839e+05    2.63377e+03   -3.65790e+05
    Kinetic En.   Total Energy  Conserved En.    Temperature Pressure (bar)
    6.84422e+04   -2.97348e+05   -2.97332e+05    3.02358e+02   -1.93922e+02
   Constr. rmsd
    0.00000e+00

           Step           Time
           5000       10.00000

   Energies (kJ/mol)
           Bond          Angle    Proper Dih. Per. Imp. Dih.          LJ-14
    1.13783e+03    3.22956e+03    4.16259e+03    2.73798e+02    1.52105e+03
     Coulomb-14        LJ (SR)   Coulomb (SR)   Coul. recip.      Potential
    1.70013e+04    5.15776e+04   -4.48491e+05    2.61863e+03   -3.66969e+05
    Kinetic En.   Total Energy  Conserved En.    Temperature Pressure (bar)
    6.76026e+04   -2.99366e+05   -2.96737e+05    2.98649e+02    2.87217e+02
   Constr. rmsd
    0.00000e+00

           Step           Time
          10000       20.00000

   Energies (kJ/mol)
           Bond          Angle    Proper Dih. Per. Imp. Dih.          LJ-14
    1.27685e+03    3.24364e+03    4.12363e+03    2.31068e+02    1.53404e+03
     Coulomb-14        LJ (SR)   Coulomb (SR)   Coul. recip.      Potential
    1.71770e+04    5.03154e+04   -4.47134e+05    2.64763e+03   -3.66584e+05
    Kinetic En.   Total Energy  Conserved En.    Temperature Pressure (bar)
    6.81542e+04   -2.98430e+05   -2.96410e+05    3.01086e+02   -4.08512e+01
   Constr. rmsd
    0.00000e+00

           Step           Time
          15000       30.00000

   Energies (kJ/mol)
           Bond          Angle    Proper Dih. Per. Imp. Dih.          LJ-14
    1.26160e+03    3.21348e+03    4.17341e+03    2.34983e+02    1.48751e+03
     Coulomb-14        LJ (SR)   Coulomb (SR)   Coul. recip.      Potential
    1.70317e+04    5.15366e+04   -4.47210e+05    2.62097e+03   -3.65650e+05
    Kinetic En.   Total Energy  Conserved En.    Temperature Pressure (bar)
    6.87437e+04   -2.96906e+05   -2.96333e+05    3.03690e+02    2.26064e+02
   Constr. rmsd
    0.00000e+00

step 15800: timed with pme grid 64 64 64, coulomb cutoff 1.000: 148.6 M-cycles
step 16000: timed with pme grid 56 56 56, coulomb cutoff 1.085: 142.5 M-cycles
step 16200: timed with pme grid 48 48 48, coulomb cutoff 1.266: 194.9 M-cycles
step 16400: timed with pme grid 52 52 52, coulomb cutoff 1.169: 141.1 M-cycles
step 16600: timed with pme grid 56 56 56, coulomb cutoff 1.085: 145.0 M-cycles
step 16800: timed with pme grid 60 60 60, coulomb cutoff 1.013: 178.4 M-cycles
step 17000: timed with pme grid 64 64 64, coulomb cutoff 1.000: 178.3 M-cycles
              optimal pme grid 52 52 52, coulomb cutoff 1.169
           Step           Time
          20000       40.00000

   Energies (kJ/mol)
           Bond          Angle    Proper Dih. Per. Imp. Dih.          LJ-14
    1.28885e+03    3.30454e+03    4.16669e+03    2.00543e+02    1.50076e+03
     Coulomb-14        LJ (SR)   Coulomb (SR)   Coul. recip.      Potential
    1.69940e+04    4.98489e+04   -4.43693e+05    1.56710e+03   -3.64822e+05
    Kinetic En.   Total Energy  Conserved En.    Temperature Pressure (bar)
    6.76090e+04   -2.97213e+05   -2.95812e+05    2.98677e+02   -2.41135e+02
   Constr. rmsd
    0.00000e+00

           Step           Time
          25000       50.00000

   Energies (kJ/mol)
           Bond          Angle    Proper Dih. Per. Imp. Dih.          LJ-14
    1.19821e+03    3.21537e+03    4.20224e+03    2.26684e+02    1.49748e+03
     Coulomb-14        LJ (SR)   Coulomb (SR)   Coul. recip.      Potential
    1.71090e+04    5.24675e+04   -4.49038e+05    1.54765e+03   -3.67574e+05
    Kinetic En.   Total Energy  Conserved En.    Temperature Pressure (bar)
    6.77229e+04   -2.99851e+05   -2.95522e+05    2.99181e+02    3.00946e+02
   Constr. rmsd
    0.00000e+00

           Step           Time
          30000       60.00000

   Energies (kJ/mol)
           Bond          Angle    Proper Dih. Per. Imp. Dih.          LJ-14
    1.14823e+03    3.17489e+03    4.07860e+03    2.11698e+02    1.56039e+03
     Coulomb-14        LJ (SR)   Coulomb (SR)   Coul. recip.      Potential
    1.70124e+04    5.03604e+04   -4.46125e+05    1.52773e+03   -3.67050e+05
    Kinetic En.   Total Energy  Conserved En.    Temperature Pressure (bar)
    6.77985e+04   -2.99252e+05   -2.95264e+05    2.99515e+02   -2.61655e+01
   Constr. rmsd
    0.00000e+00

           Step           Time
          35000       70.00000

   Energies (kJ/mol)
           Bond          Angle    Proper Dih. Per. Imp. Dih.          LJ-14
    1.29315e+03    3.30981e+03    4.20420e+03    2.03080e+02    1.51663e+03
     Coulomb-14        LJ (SR)   Coulomb (SR)   Coul. recip.      Potential
    1.68625e+04    5.02202e+04   -4.44755e+05    1.58146e+03   -3.65564e+05
    Kinetic En.   Total Energy  Conserved En.    Temperature Pressure (bar)
    6.78081e+04   -2.97756e+05   -2.95158e+05    2.99557e+02   -9.55706e+01
   Constr. rmsd
    0.00000e+00

           Step           Time
          40000       80.00000

   Energies (kJ/mol)
           Bond          Angle    Proper Dih. Per. Imp. Dih.          LJ-14
    1.18795e+03    3.12050e+03    4.12994e+03    1.84664e+02    1.54623e+03
     Coulomb-14        LJ (SR)   Coulomb (SR)   Coul. recip.      Potential
    1.72285e+04    5.08540e+04   -4.47179e+05    1.50716e+03   -3.67420e+05
    Kinetic En.   Total Energy  Conserved En.    Temperature Pressure (bar)
    6.75988e+04   -2.99821e+05   -2.94946e+05    2.98632e+02    2.47314e+02
   Constr. rmsd
    0.00000e+00

           Step           Time
          45000       90.00000

   Energies (kJ/mol)
           Bond          Angle    Proper Dih. Per. Imp. Dih.          LJ-14
    1.11599e+03    3.12774e+03    4.20215e+03    2.30447e+02    1.50046e+03
     Coulomb-14        LJ (SR)   Coulomb (SR)   Coul. recip.      Potential
    1.71191e+04    4.96341e+04   -4.45386e+05    1.50676e+03   -3.66949e+05
    Kinetic En.   Total Energy  Conserved En.    Temperature Pressure (bar)
    6.76550e+04   -2.99294e+05   -2.94796e+05    2.98881e+02   -1.76004e+02
   Constr. rmsd
    0.00000e+00

           Step           Time
          50000      100.00000

   Energies (kJ/mol)
           Bond          Angle    Proper Dih. Per. Imp. Dih.          LJ-14
    1.22994e+03    3.12636e+03    4.13601e+03    2.18979e+02    1.53607e+03
     Coulomb-14        LJ (SR)   Coulomb (SR)   Coul. recip.      Potential
    1.71467e+04    5.14769e+04   -4.46484e+05    1.59890e+03   -3.66014e+05
    Kinetic En.   Total Energy  Conserved En.    Temperature Pressure (bar)
    6.80397e+04   -2.97974e+05   -2.94428e+05    3.00580e+02    2.77270e+02
   Constr. rmsd
    0.00000e+00

           Step           Time
          55000      110.00000

   Energies (kJ/mol)
           Bond          Angle    Proper Dih. Per. Imp. Dih.          LJ-14
    1.22734e+03    3.22840e+03    4.10238e+03    2.00853e+02    1.49277e+03
     Coulomb-14        LJ (SR)   Coulomb (SR)   Coul. recip.      Potential
    1.71460e+04    5.12013e+04   -4.45766e+05    1.53302e+03   -3.65634e+05
    Kinetic En.   Total Energy  Conserved En.    Temperature Pressure (bar)
    6.79696e+04   -2.97664e+05   -2.94254e+05    3.00271e+02    9.48457e+01
   Constr. rmsd
    0.00000e+00

           Step           Time
          60000      120.00000

   Energies (kJ/mol)
           Bond          Angle    Proper Dih. Per. Imp. Dih.          LJ-14
    1.28717e+03    3.12815e+03    4.06676e+03    1.85591e+02    1.55516e+03
     Coulomb-14        LJ (SR)   Coulomb (SR)   Coul. recip.      Potential
    1.70702e+04    4.96417e+04   -4.43862e+05    1.44082e+03   -3.65487e+05
    Kinetic En.   Total Energy  Conserved En.    Temperature Pressure (bar)
    6.85220e+04   -2.96965e+05   -2.94009e+05    3.02711e+02   -1.93140e+02
   Constr. rmsd
    0.00000e+00

           Step           Time
          65000      130.00000

   Energies (kJ/mol)
           Bond          Angle    Proper Dih. Per. Imp. Dih.          LJ-14
    1.27626e+03    3.03091e+03    4.19422e+03    1.91143e+02    1.54640e+03
     Coulomb-14        LJ (SR)   Coulomb (SR)   Coul. recip.      Potential
    1.70799e+04    5.06899e+04   -4.46603e+05    1.45050e+03   -3.67144e+05
    Kinetic En.   Total Energy  Conserved En.    Temperature Pressure (bar)
    6.75109e+04   -2.99633e+05   -2.93503e+05    2.98244e+02   -1.06898e+01
   Constr. rmsd
    0.00000e+00

           Step           Time
          70000      140.00000

   Energies (kJ/mol)
           Bond          Angle    Proper Dih. Per. Imp. Dih.          LJ-14
    1.23227e+03    3.32920e+03    4.12274e+03    2.05416e+02    1.50805e+03
     Coulomb-14        LJ (SR)   Coulomb (SR)   Coul. recip.      Potential
    1.70119e+04    5.08664e+04   -4.46083e+05    1.52731e+03   -3.66279e+05
    Kinetic En.   Total Energy  Conserved En.    Temperature Pressure (bar)
    6.76282e+04   -2.98651e+05   -2.93351e+05    2.98762e+02    1.22752e+02
   Constr. rmsd
    0.00000e+00

           Step           Time
          75000      150.00000

   Energies (kJ/mol)
           Bond          Angle    Proper Dih. Per. Imp. Dih.          LJ-14
    1.15149e+03    2.99561e+03    4.08030e+03    2.21173e+02    1.51493e+03
     Coulomb-14        LJ (SR)   Coulomb (SR)   Coul. recip.      Potential
    1.71651e+04    5.01237e+04   -4.46085e+05    1.49840e+03   -3.67334e+05
    Kinetic En.   Total Energy  Conserved En.    Temperature Pressure (bar)
    6.74982e+04   -2.99836e+05   -2.93022e+05    2.98188e+02   -1.71156e+02
   Constr. rmsd
    0.00000e+00

           Step           Time
          80000      160.00000

   Energies (kJ/mol)
           Bond          Angle    Proper Dih. Per. Imp. Dih.          LJ-14
    1.27494e+03    3.16981e+03    4.19981e+03    2.16996e+02    1.52473e+03
     Coulomb-14        LJ (SR)   Coulomb (SR)   Coul. recip.      Potential
    1.71176e+04    5.03010e+04   -4.44861e+05    1.50707e+03   -3.65549e+05
    Kinetic En.   Total Energy  Conserved En.    Temperature Pressure (bar)
    6.78652e+04   -2.97684e+05   -2.92750e+05    2.99809e+02   -2.73079e+01
   Constr. rmsd
    0.00000e+00

           Step           Time
          85000      170.00000

   Energies (kJ/mol)
           Bond          Angle    Proper Dih. Per. Imp. Dih.          LJ-14
    1.19705e+03    3.06488e+03    4.14245e+03    2.21910e+02    1.48632e+03
     Coulomb-14        LJ (SR)   Coulomb (SR)   Coul. recip.      Potential
    1.70967e+04    4.98972e+04   -4.45243e+05    1.43362e+03   -3.66703e+05
    Kinetic En.   Total Energy  Conserved En.    Temperature Pressure (bar)
    6.78260e+04   -2.98877e+05   -2.92626e+05    2.99636e+02   -1.82026e+02
   Constr. rmsd
    0.00000e+00

           Step           Time
          90000      180.00000

   Energies (kJ/mol)
           Bond          Angle    Proper Dih. Per. Imp. Dih.          LJ-14
    1.25548e+03    3.19450e+03    4.13788e+03    2.33180e+02    1.49162e+03
     Coulomb-14        LJ (SR)   Coulomb (SR)   Coul. recip.      Potential
    1.70881e+04    5.04958e+04   -4.46079e+05    1.47620e+03   -3.66706e+05
    Kinetic En.   Total Energy  Conserved En.    Temperature Pressure (bar)
    6.85976e+04   -2.98109e+05   -2.92479e+05    3.03045e+02    7.40624e+01
   Constr. rmsd
    0.00000e+00

           Step           Time
          95000      190.00000

   Energies (kJ/mol)
           Bond          Angle    Proper Dih. Per. Imp. Dih.          LJ-14
    1.15972e+03    3.20279e+03    4.11126e+03    2.20891e+02    1.51800e+03
     Coulomb-14        LJ (SR)   Coulomb (SR)   Coul. recip.      Potential
    1.71543e+04    5.03526e+04   -4.46239e+05    1.48546e+03   -3.67034e+05
    Kinetic En.   Total Energy  Conserved En.    Temperature Pressure (bar)
    6.72209e+04   -2.99813e+05   -2.92082e+05    2.96963e+02   -2.82604e+01
   Constr. rmsd
    0.00000e+00

           Step           Time
         100000      200.00000

   Energies (kJ/mol)
           Bond          Angle    Proper Dih. Per. Imp. Dih.          LJ-14
    1.19223e+03    3.14936e+03    4.20797e+03    1.94753e+02    1.49973e+03
     Coulomb-14        LJ (SR)   Coulomb (SR)   Coul. recip.      Potential
    1.70815e+04    5.02558e+04   -4.44604e+05    1.51596e+03   -3.65507e+05
    Kinetic En.   Total Energy  Conserved En.    Temperature Pressure (bar)
    6.76617e+04   -2.97845e+05   -2.91754e+05    2.98910e+02   -8.61511e+01
   Constr. rmsd
    0.00000e+00

           Step           Time
         105000      210.00000

   Energies (kJ/mol)
           Bond          Angle    Proper Dih. Per. Imp. Dih.          LJ-14
    1.22056e+03    3.20570e+03    4.07362e+03    2.01110e+02    1.49796e+03
     Coulomb-14        LJ (SR)   Coulomb (SR)   Coul. recip.      Potential
    1.70272e+04    5.01458e+04   -4.45580e+05    1.50577e+03   -3.66702e+05
    Kinetic En.   Total Energy  Conserved En.    Temperature Pressure (bar)
    6.70631e+04   -2.99639e+05   -2.91454e+05    2.96266e+02   -2.40608e+02
   Constr. rmsd
    0.00000e+00

           Step           Time
         110000      220.00000

   Energies (kJ/mol)
           Bond          Angle    Proper Dih. Per. Imp. Dih.          LJ-14
    1.29561e+03    3.31041e+03    4.16238e+03    2.06937e+02    1.48915e+03
     Coulomb-14        LJ (SR)   Coulomb (SR)   Coul. recip.      Potential
    1.70625e+04    5.09791e+04   -4.47695e+05    1.52834e+03   -3.67660e+05
    Kinetic En.   Total Energy  Conserved En.    Temperature Pressure (bar)
    6.82582e+04   -2.99402e+05   -2.91157e+05    3.01546e+02   -4.57644e+01
   Constr. rmsd
    0.00000e+00

           Step           Time
         115000      230.00000

   Energies (kJ/mol)
           Bond          Angle    Proper Dih. Per. Imp. Dih.          LJ-14
    1.25180e+03    3.26182e+03    4.10202e+03    1.88665e+02    1.51726e+03
     Coulomb-14        LJ (SR)   Coulomb (SR)   Coul. recip.      Potential
    1.70110e+04    5.13387e+04   -4.46670e+05    1.48979e+03   -3.66509e+05
    Kinetic En.   Total Energy  Conserved En.    Temperature Pressure (bar)
    6.69844e+04   -2.99525e+05   -2.90916e+05    2.95918e+02    2.31776e+02
   Constr. rmsd
    0.00000e+00

           Step           Time
         120000      240.00000

   Energies (kJ/mol)
           Bond          Angle    Proper Dih. Per. Imp. Dih.          LJ-14
    1.13190e+03    3.40976e+03    4.09104e+03    1.86095e+02    1.54102e+03
     Coulomb-14        LJ (SR)   Coulomb (SR)   Coul. recip.      Potential
    1.71920e+04    5.00744e+04   -4.45688e+05    1.44165e+03   -3.66621e+05
    Kinetic En.   Total Energy  Conserved En.    Temperature Pressure (bar)
    6.85792e+04   -2.98041e+05   -2.90642e+05    3.02963e+02   -1.22899e+02
   Constr. rmsd
    0.00000e+00

           Step           Time
         125000      250.00000

   Energies (kJ/mol)
           Bond          Angle    Proper Dih. Per. Imp. Dih.          LJ-14
    1.20790e+03    3.35298e+03    4.10864e+03    1.93349e+02    1.50686e+03
     Coulomb-14        LJ (SR)   Coulomb (SR)   Coul. recip.      Potential
    1.69594e+04    5.08018e+04   -4.45437e+05    1.51082e+03   -3.65796e+05
    Kinetic En.   Total Energy  Conserved En.    Temperature Pressure (bar)
    6.78413e+04   -2.97954e+05   -2.90408e+05    2.99704e+02    9.56489e+01
   Constr. rmsd
    0.00000e+00

           Step           Time
         130000      260.00000

   Energies (kJ/mol)
           Bond          Angle    Proper Dih. Per. Imp. Dih.          LJ-14
    1.21165e+03    3.19113e+03    4.14693e+03    2.28109e+02    1.54616e+03
     Coulomb-14        LJ (SR)   Coulomb (SR)   Coul. recip.      Potential
    1.70070e+04    4.98791e+04   -4.44323e+05    1.49495e+03   -3.65618e+05
    Kinetic En.   Total Energy  Conserved En.    Temperature Pressure (bar)
    6.82763e+04   -2.97341e+05   -2.90309e+05    3.01626e+02    1.36670e+02
   Constr. rmsd
    0.00000e+00

           Step           Time
         135000      270.00000

   Energies (kJ/mol)
           Bond          Angle    Proper Dih. Per. Imp. Dih.          LJ-14
    1.22811e+03    3.20775e+03    4.15606e+03    2.21847e+02    1.49546e+03
     Coulomb-14        LJ (SR)   Coulomb (SR)   Coul. recip.      Potential
    1.70186e+04    5.03056e+04   -4.44907e+05    1.52437e+03   -3.65749e+05
    Kinetic En.   Total Energy  Conserved En.    Temperature Pressure (bar)
    6.74566e+04   -2.98293e+05   -2.90060e+05    2.98004e+02   -1.74346e+01
   Constr. rmsd
    0.00000e+00

           Step           Time
         140000      280.00000

   Energies (kJ/mol)
           Bond          Angle    Proper Dih. Per. Imp. Dih.          LJ-14
    1.24897e+03    3.15536e+03    4.26356e+03    2.20332e+02    1.55024e+03
     Coulomb-14        LJ (SR)   Coulomb (SR)   Coul. recip.      Potential
    1.71086e+04    5.00977e+04   -4.44843e+05    1.51658e+03   -3.65682e+05
    Kinetic En.   Total Energy  Conserved En.    Temperature Pressure (bar)
    6.74721e+04   -2.98210e+05   -2.89816e+05    2.98073e+02   -2.08639e+02
   Constr. rmsd
    0.00000e+00

           Step           Time
         145000      290.00000

   Energies (kJ/mol)
           Bond          Angle    Proper Dih. Per. Imp. Dih.          LJ-14
    1.24683e+03    3.27424e+03    4.20508e+03    2.37558e+02    1.47745e+03
     Coulomb-14        LJ (SR)   Coulomb (SR)   Coul. recip.      Potential
    1.71261e+04    5.02388e+04   -4.44230e+05    1.43642e+03   -3.64987e+05
    Kinetic En.   Total Energy  Conserved En.    Temperature Pressure (bar)
    6.82926e+04   -2.96695e+05   -2.89402e+05    3.01697e+02   -6.39400e+01
   Constr. rmsd
    0.00000e+00

           Step           Time
         150000      300.00000

   Energies (kJ/mol)
           Bond          Angle    Proper Dih. Per. Imp. Dih.          LJ-14
    1.19554e+03    3.00516e+03    4.15000e+03    2.44024e+02    1.56538e+03
     Coulomb-14        LJ (SR)   Coulomb (SR)   Coul. recip.      Potential
    1.70661e+04    5.00829e+04   -4.45013e+05    1.51375e+03   -3.66191e+05
    Kinetic En.   Total Energy  Conserved En.    Temperature Pressure (bar)
    6.74979e+04   -2.98693e+05   -2.89215e+05    2.98187e+02    3.97891e+00
   Constr. rmsd
    0.00000e+00

           Step           Time
         155000      310.00000

   Energies (kJ/mol)
           Bond          Angle    Proper Dih. Per. Imp. Dih.          LJ-14
    1.19138e+03    3.12352e+03    4.20322e+03    2.48648e+02    1.59322e+03
     Coulomb-14        LJ (SR)   Coulomb (SR)   Coul. recip.      Potential
    1.72525e+04    5.02090e+04   -4.45611e+05    1.45276e+03   -3.66337e+05
    Kinetic En.   Total Energy  Conserved En.    Temperature Pressure (bar)
    6.78396e+04   -2.98497e+05   -2.88652e+05    2.99696e+02   -1.98460e+01
   Constr. rmsd
    0.00000e+00

           Step           Time
         160000      320.00000

   Energies (kJ/mol)
           Bond          Angle    Proper Dih. Per. Imp. Dih.          LJ-14
    1.26749e+03    3.25295e+03    4.11465e+03    2.24684e+02    1.48365e+03
     Coulomb-14        LJ (SR)   Coulomb (SR)   Coul. recip.      Potential
    1.70153e+04    5.05687e+04   -4.44903e+05    1.61525e+03   -3.65360e+05
    Kinetic En.   Total Energy  Conserved En.    Temperature Pressure (bar)
    6.80398e+04   -2.97320e+05   -2.88498e+05    3.00581e+02    1.45537e+02
   Constr. rmsd
    0.00000e+00

           Step           Time
         165000      330.00000

   Energies (kJ/mol)
           Bond          Angle    Proper Dih. Per. Imp. Dih.          LJ-14
    1.32566e+03    3.18519e+03    4.13199e+03    2.46330e+02    1.50208e+03
     Coulomb-14        LJ (SR)   Coulomb (SR)   Coul. recip.      Potential
    1.70643e+04    4.98091e+04   -4.44862e+05    1.55812e+03   -3.66039e+05
    Kinetic En.   Total Energy  Conserved En.    Temperature Pressure (bar)
    6.82326e+04   -2.97807e+05   -2.88174e+05    3.01432e+02   -9.94238e+01
   Constr. rmsd
    0.00000e+00

           Step           Time
         170000      340.00000

   Energies (kJ/mol)
           Bond          Angle    Proper Dih. Per. Imp. Dih.          LJ-14
    1.24152e+03    3.13650e+03    4.18637e+03    2.05079e+02    1.52529e+03
     Coulomb-14        LJ (SR)   Coulomb (SR)   Coul. recip.      Potential
    1.71396e+04    5.01416e+04   -4.43743e+05    1.53830e+03   -3.64628e+05
    Kinetic En.   Total Energy  Conserved En.    Temperature Pressure (bar)
    6.76873e+04   -2.96941e+05   -2.87994e+05    2.99023e+02   -4.44178e+01
   Constr. rmsd
    0.00000e+00

           Step           Time
         175000      350.00000

   Energies (kJ/mol)
           Bond          Angle    Proper Dih. Per. Imp. Dih.          LJ-14
    1.34830e+03    3.22155e+03    4.21271e+03    2.24398e+02    1.47931e+03
     Coulomb-14        LJ (SR)   Coulomb (SR)   Coul. recip.      Potential
    1.68979e+04    5.02900e+04   -4.45443e+05    1.47302e+03   -3.66296e+05
    Kinetic En.   Total Energy  Conserved En.    Temperature Pressure (bar)
    6.76300e+04   -2.98666e+05   -2.87823e+05    2.98770e+02   -1.19634e+02
   Constr. rmsd
    0.00000e+00

           Step           Time
         180000      360.00000

   Energies (kJ/mol)
           Bond          Angle    Proper Dih. Per. Imp. Dih.          LJ-14
    1.11000e+03    3.11452e+03    4.26155e+03    2.49681e+02    1.54256e+03
     Coulomb-14        LJ (SR)   Coulomb (SR)   Coul. recip.      Potential
    1.70344e+04    5.04201e+04   -4.44007e+05    1.52403e+03   -3.64750e+05
    Kinetic En.   Total Energy  Conserved En.    Temperature Pressure (bar)
    6.71557e+04   -2.97595e+05   -2.87391e+05    2.96675e+02    5.52078e+01
   Constr. rmsd
    0.00000e+00

           Step           Time
         185000      370.00000

   Energies (kJ/mol)
           Bond          Angle    Proper Dih. Per. Imp. Dih.          LJ-14
    1.21885e+03    3.09139e+03    4.17444e+03    2.01145e+02    1.56491e+03
     Coulomb-14        LJ (SR)   Coulomb (SR)   Coul. recip.      Potential
    1.70734e+04    5.01317e+04   -4.45913e+05    1.44913e+03   -3.67008e+05
    Kinetic En.   Total Energy  Conserved En.    Temperature Pressure (bar)
    6.76199e+04   -2.99388e+05   -2.87296e+05    2.98726e+02    9.00935e+01
   Constr. rmsd
    0.00000e+00

           Step           Time
         190000      380.00000

   Energies (kJ/mol)
           Bond          Angle    Proper Dih. Per. Imp. Dih.          LJ-14
    1.08684e+03    3.09522e+03    4.16096e+03    2.04010e+02    1.48379e+03
     Coulomb-14        LJ (SR)   Coulomb (SR)   Coul. recip.      Potential
    1.70485e+04    5.05798e+04   -4.46740e+05    1.54943e+03   -3.67531e+05
    Kinetic En.   Total Energy  Conserved En.    Temperature Pressure (bar)
    6.69104e+04   -3.00621e+05   -2.87020e+05    2.95591e+02   -2.50692e+02
   Constr. rmsd
    0.00000e+00

           Step           Time
         195000      390.00000

   Energies (kJ/mol)
           Bond          Angle    Proper Dih. Per. Imp. Dih.          LJ-14
    1.20996e+03    3.07339e+03    4.16539e+03    2.40660e+02    1.50192e+03
     Coulomb-14        LJ (SR)   Coulomb (SR)   Coul. recip.      Potential
    1.68775e+04    5.14286e+04   -4.48144e+05    1.52347e+03   -3.68123e+05
    Kinetic En.   Total Energy  Conserved En.    Temperature Pressure (bar)
    6.76001e+04   -3.00523e+05   -2.86863e+05    2.98638e+02    7.01569e+01
   Constr. rmsd
    0.00000e+00

           Step           Time
         200000      400.00000

   Energies (kJ/mol)
           Bond          Angle    Proper Dih. Per. Imp. Dih.          LJ-14
    1.23269e+03    3.15910e+03    4.15962e+03    2.37170e+02    1.47934e+03
     Coulomb-14        LJ (SR)   Coulomb (SR)   Coul. recip.      Potential
    1.70518e+04    5.05548e+04   -4.45550e+05    1.47116e+03   -3.66205e+05
    Kinetic En.   Total Energy  Conserved En.    Temperature Pressure (bar)
    6.70999e+04   -2.99105e+05   -2.86528e+05    2.96429e+02   -1.59747e+02
   Constr. rmsd
    0.00000e+00

           Step           Time
         205000      410.00000

   Energies (kJ/mol)
           Bond          Angle    Proper Dih. Per. Imp. Dih.          LJ-14
    1.31935e+03    3.25461e+03    4.15199e+03    1.83018e+02    1.47559e+03
     Coulomb-14        LJ (SR)   Coulomb (SR)   Coul. recip.      Potential
    1.69334e+04    4.93030e+04   -4.44428e+05    1.53520e+03   -3.66271e+05
    Kinetic En.   Total Energy  Conserved En.    Temperature Pressure (bar)
    6.79386e+04   -2.98333e+05   -2.86056e+05    3.00134e+02   -1.77881e+02
   Constr. rmsd
    0.00000e+00

           Step           Time
         210000      420.00000

   Energies (kJ/mol)
           Bond          Angle    Proper Dih. Per. Imp. Dih.          LJ-14
    1.25442e+03    3.33795e+03    4.08878e+03    2.00718e+02    1.47756e+03
     Coulomb-14        LJ (SR)   Coulomb (SR)   Coul. recip.      Potential
    1.70110e+04    4.90451e+04   -4.42493e+05    1.60099e+03   -3.64477e+05
    Kinetic En.   Total Energy  Conserved En.    Temperature Pressure (bar)
    6.84014e+04   -2.96075e+05   -2.85799e+05    3.02178e+02   -2.02642e+02
   Constr. rmsd
    0.00000e+00

           Step           Time
         215000      430.00000

   Energies (kJ/mol)
           Bond          Angle    Proper Dih. Per. Imp. Dih.          LJ-14
    1.29475e+03    3.24293e+03    4.10632e+03    1.98925e+02    1.47999e+03
     Coulomb-14        LJ (SR)   Coulomb (SR)   Coul. recip.      Potential
    1.70875e+04    4.97643e+04   -4.44738e+05    1.53794e+03   -3.66025e+05
    Kinetic En.   Total Energy  Conserved En.    Temperature Pressure (bar)
    6.85076e+04   -2.97518e+05   -2.85543e+05    3.02647e+02   -2.03178e+02
   Constr. rmsd
    0.00000e+00

           Step           Time
         220000      440.00000

   Energies (kJ/mol)
           Bond          Angle    Proper Dih. Per. Imp. Dih.          LJ-14
    1.31740e+03    3.28712e+03    4.16871e+03    2.28444e+02    1.52411e+03
     Coulomb-14        LJ (SR)   Coulomb (SR)   Coul. recip.      Potential
    1.69613e+04    5.16503e+04   -4.46933e+05    1.45893e+03   -3.66337e+05
    Kinetic En.   Total Energy  Conserved En.    Temperature Pressure (bar)
    6.80109e+04   -2.98326e+05   -2.85163e+05    3.00453e+02    3.27565e+02
   Constr. rmsd
    0.00000e+00

           Step           Time
         225000      450.00000

   Energies (kJ/mol)
           Bond          Angle    Proper Dih. Per. Imp. Dih.          LJ-14
    1.24710e+03    3.07567e+03    4.07008e+03    2.52932e+02    1.50063e+03
     Coulomb-14        LJ (SR)   Coulomb (SR)   Coul. recip.      Potential
    1.70955e+04    4.99741e+04   -4.44824e+05    1.48159e+03   -3.66126e+05
    Kinetic En.   Total Energy  Conserved En.    Temperature Pressure (bar)
    6.78407e+04   -2.98286e+05   -2.85038e+05    2.99701e+02   -1.54333e+02
   Constr. rmsd
    0.00000e+00

           Step           Time
         230000      460.00000

   Energies (kJ/mol)
           Bond          Angle    Proper Dih. Per. Imp. Dih.          LJ-14
    1.28296e+03    3.15675e+03    4.10554e+03    2.47239e+02    1.50236e+03
     Coulomb-14        LJ (SR)   Coulomb (SR)   Coul. recip.      Potential
    1.69262e+04    5.08991e+04   -4.45152e+05    1.42516e+03   -3.65607e+05
    Kinetic En.   Total Energy  Conserved En.    Temperature Pressure (bar)
    6.88172e+04   -2.96790e+05   -2.84784e+05    3.04015e+02    1.00884e+02
   Constr. rmsd
    0.00000e+00

           Step           Time
         235000      470.00000

   Energies (kJ/mol)
           Bond          Angle    Proper Dih. Per. Imp. Dih.          LJ-14
    1.24970e+03    3.19798e+03    4.17208e+03    2.40318e+02    1.47889e+03
     Coulomb-14        LJ (SR)   Coulomb (SR)   Coul. recip.      Potential
    1.69912e+04    4.98452e+04   -4.44325e+05    1.52226e+03   -3.65628e+05
    Kinetic En.   Total Energy  Conserved En.    Temperature Pressure (bar)
    6.74258e+04   -2.98202e+05   -2.84481e+05    2.97868e+02   -1.73315e+02
   Constr. rmsd
    0.00000e+00

           Step           Time
         240000      480.00000

   Energies (kJ/mol)
           Bond          Angle    Proper Dih. Per. Imp. Dih.          LJ-14
    1.24073e+03    3.23572e+03    4.21224e+03    2.12920e+02    1.55556e+03
     Coulomb-14        LJ (SR)   Coulomb (SR)   Coul. recip.      Potential
    1.70299e+04    5.11080e+04   -4.46093e+05    1.51999e+03   -3.65978e+05
    Kinetic En.   Total Energy  Conserved En.    Temperature Pressure (bar)
    6.82984e+04   -2.97679e+05   -2.84285e+05    3.01723e+02    2.99248e+02
   Constr. rmsd
    0.00000e+00

           Step           Time
         245000      490.00000

   Energies (kJ/mol)
           Bond          Angle    Proper Dih. Per. Imp. Dih.          LJ-14
    1.23421e+03    3.33665e+03    4.12691e+03    2.43879e+02    1.54182e+03
     Coulomb-14        LJ (SR)   Coulomb (SR)   Coul. recip.      Potential
    1.70459e+04    4.94621e+04   -4.41891e+05    1.46962e+03   -3.63430e+05
    Kinetic En.   Total Energy  Conserved En.    Temperature Pressure (bar)
    6.79925e+04   -2.95438e+05   -2.84141e+05    3.00372e+02   -1.27397e+02
   Constr. rmsd
    0.00000e+00

           Step           Time
         250000      500.00000

   Energies (kJ/mol)
           Bond          Angle    Proper Dih. Per. Imp. Dih.          LJ-14
    1.19475e+03    3.39169e+03    4.13494e+03    2.06061e+02    1.53116e+03
     Coulomb-14        LJ (SR)   Coulomb (SR)   Coul. recip.      Potential
    1.69611e+04    5.08734e+04   -4.45199e+05    1.53426e+03   -3.65371e+05
    Kinetic En.   Total Energy  Conserved En.    Temperature Pressure (bar)
    6.81570e+04   -2.97214e+05   -2.83940e+05    3.01098e+02    1.14968e+02
   Constr. rmsd
    0.00000e+00

           Step           Time
         255000      510.00000

   Energies (kJ/mol)
           Bond          Angle    Proper Dih. Per. Imp. Dih.          LJ-14
    1.20239e+03    3.28676e+03    4.12057e+03    2.04079e+02    1.52406e+03
     Coulomb-14        LJ (SR)   Coulomb (SR)   Coul. recip.      Potential
    1.70856e+04    5.07309e+04   -4.46299e+05    1.44307e+03   -3.66702e+05
    Kinetic En.   Total Energy  Conserved En.    Temperature Pressure (bar)
    6.75992e+04   -2.99103e+05   -2.83752e+05    2.98634e+02    1.34896e+02
   Constr. rmsd
    0.00000e+00

           Step           Time
         260000      520.00000

   Energies (kJ/mol)
           Bond          Angle    Proper Dih. Per. Imp. Dih.          LJ-14
    1.30662e+03    3.28590e+03    4.09911e+03    2.37292e+02    1.49063e+03
     Coulomb-14        LJ (SR)   Coulomb (SR)   Coul. recip.      Potential
    1.70166e+04    5.14635e+04   -4.46060e+05    1.47716e+03   -3.65683e+05
    Kinetic En.   Total Energy  Conserved En.    Temperature Pressure (bar)
    6.82440e+04   -2.97439e+05   -2.83646e+05    3.01483e+02    1.54347e+02
   Constr. rmsd
    0.00000e+00

           Step           Time
         265000      530.00000

   Energies (kJ/mol)
           Bond          Angle    Proper Dih. Per. Imp. Dih.          LJ-14
    1.33599e+03    3.07251e+03    4.12408e+03    2.08919e+02    1.47588e+03
     Coulomb-14        LJ (SR)   Coulomb (SR)   Coul. recip.      Potential
    1.70678e+04    5.15229e+04   -4.47623e+05    1.50276e+03   -3.67312e+05
    Kinetic En.   Total Energy  Conserved En.    Temperature Pressure (bar)
    6.72936e+04   -3.00019e+05   -2.83512e+05    2.97284e+02    9.48871e+01
   Constr. rmsd
    0.00000e+00

           Step           Time
         270000      540.00000

   Energies (kJ/mol)
           Bond          Angle    Proper Dih. Per. Imp. Dih.          LJ-14
    1.25418e+03    3.12814e+03    4.13661e+03    2.20436e+02    1.40674e+03
     Coulomb-14        LJ (SR)   Coulomb (SR)   Coul. recip.      Potential
    1.69524e+04    4.97251e+04   -4.45271e+05    1.53808e+03   -3.66909e+05
    Kinetic En.   Total Energy  Conserved En.    Temperature Pressure (bar)
    6.80532e+04   -2.98856e+05   -2.83254e+05    3.00640e+02   -3.98413e+02
   Constr. rmsd
    0.00000e+00

           Step           Time
         275000      550.00000

   Energies (kJ/mol)
           Bond          Angle    Proper Dih. Per. Imp. Dih.          LJ-14
    1.21941e+03    3.32854e+03    4.11558e+03    2.18259e+02    1.55335e+03
     Coulomb-14        LJ (SR)   Coulomb (SR)   Coul. recip.      Potential
    1.70290e+04    5.08063e+04   -4.45492e+05    1.49356e+03   -3.65728e+05
    Kinetic En.   Total Energy  Conserved En.    Temperature Pressure (bar)
    6.80830e+04   -2.97645e+05   -2.83136e+05    3.00772e+02    1.84950e+02
   Constr. rmsd
    0.00000e+00

           Step           Time
         280000      560.00000

   Energies (kJ/mol)
           Bond          Angle    Proper Dih. Per. Imp. Dih.          LJ-14
    1.25255e+03    3.24999e+03    4.18020e+03    2.16870e+02    1.51333e+03
     Coulomb-14        LJ (SR)   Coulomb (SR)   Coul. recip.      Potential
    1.70741e+04    5.03245e+04   -4.45819e+05    1.52745e+03   -3.66480e+05
    Kinetic En.   Total Energy  Conserved En.    Temperature Pressure (bar)
    6.87353e+04   -2.97744e+05   -2.82894e+05    3.03653e+02   -8.76339e+01
   Constr. rmsd
    0.00000e+00

           Step           Time
         285000      570.00000

   Energies (kJ/mol)
           Bond          Angle    Proper Dih. Per. Imp. Dih.          LJ-14
    1.28642e+03    3.25598e+03    4.13748e+03    1.84874e+02    1.54958e+03
     Coulomb-14        LJ (SR)   Coulomb (SR)   Coul. recip.      Potential
    1.71168e+04    5.18748e+04   -4.47155e+05    1.55536e+03   -3.66194e+05
    Kinetic En.   Total Energy  Conserved En.    Temperature Pressure (bar)
    6.82905e+04   -2.97903e+05   -2.82739e+05    3.01688e+02    4.91500e+02
   Constr. rmsd
    0.00000e+00

           Step           Time
         290000      580.00000

   Energies (kJ/mol)
           Bond          Angle    Proper Dih. Per. Imp. Dih.          LJ-14
    1.16554e+03    3.04104e+03    4.18342e+03    1.98676e+02    1.50126e+03
     Coulomb-14        LJ (SR)   Coulomb (SR)   Coul. recip.      Potential
    1.71688e+04    5.10392e+04   -4.46363e+05    1.51187e+03   -3.66553e+05
    Kinetic En.   Total Energy  Conserved En.    Temperature Pressure (bar)
    6.82888e+04   -2.98265e+05   -2.82532e+05    3.01681e+02    2.72448e+00
   Constr. rmsd
    0.00000e+00

           Step           Time
         295000      590.00000

   Energies (kJ/mol)
           Bond          Angle    Proper Dih. Per. Imp. Dih.          LJ-14
    1.24976e+03    3.26020e+03    4.11686e+03    2.30492e+02    1.44583e+03
     Coulomb-14        LJ (SR)   Coulomb (SR)   Coul. recip.      Potential
    1.68725e+04    5.00682e+04   -4.45525e+05    1.39065e+03   -3.66890e+05
    Kinetic En.   Total Energy  Conserved En.    Temperature Pressure (bar)
    6.77163e+04   -2.99174e+05   -2.82100e+05    2.99152e+02   -1.46636e+02
   Constr. rmsd
    0.00000e+00

           Step           Time
         300000      600.00000

   Energies (kJ/mol)
           Bond          Angle    Proper Dih. Per. Imp. Dih.          LJ-14
    1.26416e+03    3.18379e+03    4.06730e+03    2.15449e+02    1.50762e+03
     Coulomb-14        LJ (SR)   Coulomb (SR)   Coul. recip.      Potential
    1.71505e+04    5.04844e+04   -4.45731e+05    1.50181e+03   -3.66356e+05
    Kinetic En.   Total Energy  Conserved En.    Temperature Pressure (bar)
    6.70836e+04   -2.99272e+05   -2.81913e+05    2.96356e+02   -1.62870e+02
   Constr. rmsd
    0.00000e+00

           Step           Time
         305000      610.00000

   Energies (kJ/mol)
           Bond          Angle    Proper Dih. Per. Imp. Dih.          LJ-14
    1.13356e+03    3.23197e+03    4.14873e+03    1.99346e+02    1.49729e+03
     Coulomb-14        LJ (SR)   Coulomb (SR)   Coul. recip.      Potential
    1.71416e+04    4.98915e+04   -4.44518e+05    1.49552e+03   -3.65779e+05
    Kinetic En.   Total Energy  Conserved En.    Temperature Pressure (bar)
    6.79776e+04   -2.97801e+05   -2.81861e+05    3.00306e+02   -2.55735e+00
   Constr. rmsd
    0.00000e+00

           Step           Time
         310000      620.00000

   Energies (kJ/mol)
           Bond          Angle    Proper Dih. Per. Imp. Dih.          LJ-14
    1.15894e+03    3.31160e+03    4.11458e+03    2.46379e+02    1.52638e+03
     Coulomb-14        LJ (SR)   Coulomb (SR)   Coul. recip.      Potential
    1.70992e+04    5.05723e+04   -4.45544e+05    1.54494e+03   -3.65970e+05
    Kinetic En.   Total Energy  Conserved En.    Temperature Pressure (bar)
    6.76835e+04   -2.98286e+05   -2.81530e+05    2.99007e+02    2.25375e+02
   Constr. rmsd
    0.00000e+00

           Step           Time
         315000      630.00000

   Energies (kJ/mol)
           Bond          Angle    Proper Dih. Per. Imp. Dih.          LJ-14
    1.26103e+03    3.17881e+03    4.11004e+03    2.27673e+02    1.46599e+03
     Coulomb-14        LJ (SR)   Coulomb (SR)   Coul. recip.      Potential
    1.70983e+04    5.09168e+04   -4.45907e+05    1.52369e+03   -3.66124e+05
    Kinetic En.   Total Energy  Conserved En.    Temperature Pressure (bar)
    6.72522e+04   -2.98872e+05   -2.81268e+05    2.97101e+02   -8.71159e+01
   Constr. rmsd
    0.00000e+00

           Step           Time
         320000      640.00000

   Energies (kJ/mol)
           Bond          Angle    Proper Dih. Per. Imp. Dih.          LJ-14
    1.22186e+03    3.28682e+03    4.14730e+03    2.09167e+02    1.48042e+03
     Coulomb-14        LJ (SR)   Coulomb (SR)   Coul. recip.      Potential
    1.70626e+04    5.12796e+04   -4.46383e+05    1.44556e+03   -3.66250e+05
    Kinetic En.   Total Energy  Conserved En.    Temperature Pressure (bar)
    6.75031e+04   -2.98746e+05   -2.81131e+05    2.98210e+02    1.54557e+02
   Constr. rmsd
    0.00000e+00

           Step           Time
         325000      650.00000

   Energies (kJ/mol)
           Bond          Angle    Proper Dih. Per. Imp. Dih.          LJ-14
    1.11745e+03    3.25009e+03    4.16770e+03    2.40034e+02    1.53924e+03
     Coulomb-14        LJ (SR)   Coulomb (SR)   Coul. recip.      Potential
    1.72052e+04    5.11598e+04   -4.45956e+05    1.52341e+03   -3.65753e+05
    Kinetic En.   Total Energy  Conserved En.    Temperature Pressure (bar)
    6.84424e+04   -2.97310e+05   -2.80885e+05    3.02359e+02    1.46850e+02
   Constr. rmsd
    0.00000e+00

           Step           Time
         330000      660.00000

   Energies (kJ/mol)
           Bond          Angle    Proper Dih. Per. Imp. Dih.          LJ-14
    1.31909e+03    3.18462e+03    4.10385e+03    2.22408e+02    1.56623e+03
     Coulomb-14        LJ (SR)   Coulomb (SR)   Coul. recip.      Potential
    1.70675e+04    5.05336e+04   -4.45781e+05    1.53319e+03   -3.66250e+05
    Kinetic En.   Total Energy  Conserved En.    Temperature Pressure (bar)
    6.87648e+04   -2.97486e+05   -2.80415e+05    3.03784e+02    7.12196e+01
   Constr. rmsd
    0.00000e+00

           Step           Time
         335000      670.00000

   Energies (kJ/mol)
           Bond          Angle    Proper Dih. Per. Imp. Dih.          LJ-14
    1.24533e+03    3.15008e+03    4.17844e+03    2.09229e+02    1.45630e+03
     Coulomb-14        LJ (SR)   Coulomb (SR)   Coul. recip.      Potential
    1.73063e+04    5.05596e+04   -4.46881e+05    1.57135e+03   -3.67204e+05
    Kinetic En.   Total Energy  Conserved En.    Temperature Pressure (bar)
    6.81876e+04   -2.99017e+05   -2.80260e+05    3.01233e+02   -1.37798e+02
   Constr. rmsd
    0.00000e+00

           Step           Time
         340000      680.00000

   Energies (kJ/mol)
           Bond          Angle    Proper Dih. Per. Imp. Dih.          LJ-14
    1.23857e+03    3.25076e+03    4.17244e+03    1.96741e+02    1.51567e+03
     Coulomb-14        LJ (SR)   Coulomb (SR)   Coul. recip.      Potential
    1.71461e+04    5.00276e+04   -4.44901e+05    1.52709e+03   -3.65826e+05
    Kinetic En.   Total Energy  Conserved En.    Temperature Pressure (bar)
    6.84232e+04   -2.97403e+05   -2.80057e+05    3.02275e+02   -1.80174e+02
   Constr. rmsd
    0.00000e+00

           Step           Time
         345000      690.00000

   Energies (kJ/mol)
           Bond          Angle    Proper Dih. Per. Imp. Dih.          LJ-14
    1.29121e+03    3.11078e+03    4.11414e+03    2.25967e+02    1.49772e+03
     Coulomb-14        LJ (SR)   Coulomb (SR)   Coul. recip.      Potential
    1.72101e+04    5.01366e+04   -4.45479e+05    1.45008e+03   -3.66443e+05
    Kinetic En.   Total Energy  Conserved En.    Temperature Pressure (bar)
    6.81910e+04   -2.98252e+05   -2.79967e+05    3.01249e+02   -1.08268e+02
   Constr. rmsd
    0.00000e+00

           Step           Time
         350000      700.00000

   Energies (kJ/mol)
           Bond          Angle    Proper Dih. Per. Imp. Dih.          LJ-14
    1.18388e+03    3.15593e+03    4.14807e+03    2.14203e+02    1.56066e+03
     Coulomb-14        LJ (SR)   Coulomb (SR)   Coul. recip.      Potential
    1.73709e+04    5.04189e+04   -4.45842e+05    1.44911e+03   -3.66340e+05
    Kinetic En.   Total Energy  Conserved En.    Temperature Pressure (bar)
    6.73567e+04   -2.98984e+05   -2.79725e+05    2.97563e+02    3.61171e+01
   Constr. rmsd
    0.00000e+00

           Step           Time
         355000      710.00000

   Energies (kJ/mol)
           Bond          Angle    Proper Dih. Per. Imp. Dih.          LJ-14
    1.26791e+03    3.25531e+03    4.11368e+03    2.14518e+02    1.49055e+03
     Coulomb-14        LJ (SR)   Coulomb (SR)   Coul. recip.      Potential
    1.70450e+04    5.06445e+04   -4.46605e+05    1.45846e+03   -3.67115e+05
    Kinetic En.   Total Energy  Conserved En.    Temperature Pressure (bar)
    6.76570e+04   -2.99458e+05   -2.79596e+05    2.98889e+02    4.86961e+01
   Constr. rmsd
    0.00000e+00

           Step           Time
         360000      720.00000

   Energies (kJ/mol)
           Bond          Angle    Proper Dih. Per. Imp. Dih.          LJ-14
    1.30384e+03    3.18536e+03    4.17189e+03    2.57318e+02    1.50240e+03
     Coulomb-14        LJ (SR)   Coulomb (SR)   Coul. recip.      Potential
    1.72308e+04    4.96071e+04   -4.44865e+05    1.48080e+03   -3.66126e+05
    Kinetic En.   Total Energy  Conserved En.    Temperature Pressure (bar)
    6.80206e+04   -2.98105e+05   -2.79336e+05    3.00496e+02   -1.88242e+02
   Constr. rmsd
    0.00000e+00

           Step           Time
         365000      730.00000

   Energies (kJ/mol)
           Bond          Angle    Proper Dih. Per. Imp. Dih.          LJ-14
    1.15377e+03    3.27658e+03    4.04703e+03    1.97550e+02    1.53435e+03
     Coulomb-14        LJ (SR)   Coulomb (SR)   Coul. recip.      Potential
    1.71237e+04    5.03610e+04   -4.44656e+05    1.51306e+03   -3.65449e+05
    Kinetic En.   Total Energy  Conserved En.    Temperature Pressure (bar)
    6.76878e+04   -2.97761e+05   -2.79077e+05    2.99026e+02    3.97686e+01
   Constr. rmsd
    0.00000e+00

           Step           Time
         370000      740.00000

   Energies (kJ/mol)
           Bond          Angle    Proper Dih. Per. Imp. Dih.          LJ-14
    1.24780e+03    3.08775e+03    4.06948e+03    2.36336e+02    1.54451e+03
     Coulomb-14        LJ (SR)   Coulomb (SR)   Coul. recip.      Potential
    1.70197e+04    5.05726e+04   -4.46154e+05    1.48242e+03   -3.66894e+05
    Kinetic En.   Total Energy  Conserved En.    Temperature Pressure (bar)
    6.74942e+04   -2.99399e+05   -2.78919e+05    2.98170e+02   -8.93352e+01
   Constr. rmsd
    0.00000e+00

           Step           Time
         375000      750.00000

   Energies (kJ/mol)
           Bond          Angle    Proper Dih. Per. Imp. Dih.          LJ-14
    1.30822e+03    3.13909e+03    4.17831e+03    2.30103e+02    1.56643e+03
     Coulomb-14        LJ (SR)   Coulomb (SR)   Coul. recip.      Potential
    1.71502e+04    4.95885e+04   -4.43628e+05    1.53499e+03   -3.64933e+05
    Kinetic En.   Total Energy  Conserved En.    Temperature Pressure (bar)
    6.84985e+04   -2.96434e+05   -2.78491e+05    3.02607e+02   -8.54246e+01
   Constr. rmsd
    0.00000e+00

           Step           Time
         380000      760.00000

   Energies (kJ/mol)
           Bond          Angle    Proper Dih. Per. Imp. Dih.          LJ-14
    1.26561e+03    3.27842e+03    4.04529e+03    2.42869e+02    1.54412e+03
     Coulomb-14        LJ (SR)   Coulomb (SR)   Coul. recip.      Potential
    1.71657e+04    5.00595e+04   -4.44017e+05    1.50582e+03   -3.64910e+05
    Kinetic En.   Total Energy  Conserved En.    Temperature Pressure (bar)
    6.83493e+04   -2.96560e+05   -2.78236e+05    3.01948e+02    6.75146e+01
   Constr. rmsd
    0.00000e+00

           Step           Time
         385000      770.00000

   Energies (kJ/mol)
           Bond          Angle    Proper Dih. Per. Imp. Dih.          LJ-14
    1.29141e+03    3.31244e+03    4.05979e+03    1.85205e+02    1.46187e+03
     Coulomb-14        LJ (SR)   Coulomb (SR)   Coul. recip.      Potential
    1.69829e+04    5.09234e+04   -4.44778e+05    1.48845e+03   -3.65073e+05
    Kinetic En.   Total Energy  Conserved En.    Temperature Pressure (bar)
    6.88232e+04   -2.96250e+05   -2.78060e+05    3.04041e+02    1.04106e+02
   Constr. rmsd
    0.00000e+00

           Step           Time
         390000      780.00000

   Energies (kJ/mol)
           Bond          Angle    Proper Dih. Per. Imp. Dih.          LJ-14
    1.20109e+03    3.23521e+03    4.17700e+03    1.89768e+02    1.48060e+03
     Coulomb-14        LJ (SR)   Coulomb (SR)   Coul. recip.      Potential
    1.71569e+04    4.97889e+04   -4.44027e+05    1.56516e+03   -3.65232e+05
    Kinetic En.   Total Energy  Conserved En.    Temperature Pressure (bar)
    6.85752e+04   -2.96657e+05   -2.77537e+05    3.02946e+02   -2.73241e+02
   Constr. rmsd
    0.00000e+00

           Step           Time
         395000      790.00000

   Energies (kJ/mol)
           Bond          Angle    Proper Dih. Per. Imp. Dih.          LJ-14
    1.21336e+03    3.19123e+03    4.14085e+03    2.57578e+02    1.51084e+03
     Coulomb-14        LJ (SR)   Coulomb (SR)   Coul. recip.      Potential
    1.70375e+04    4.98316e+04   -4.44246e+05    1.49760e+03   -3.65565e+05
    Kinetic En.   Total Energy  Conserved En.    Temperature Pressure (bar)
    6.75926e+04   -2.97972e+05   -2.77303e+05    2.98605e+02    3.26211e+00
   Constr. rmsd
    0.00000e+00

           Step           Time
         400000      800.00000

   Energies (kJ/mol)
           Bond          Angle    Proper Dih. Per. Imp. Dih.          LJ-14
    1.29079e+03    3.19845e+03    4.10898e+03    1.84553e+02    1.46862e+03
     Coulomb-14        LJ (SR)   Coulomb (SR)   Coul. recip.      Potential
    1.71058e+04    5.01624e+04   -4.45705e+05    1.50356e+03   -3.66682e+05
    Kinetic En.   Total Energy  Conserved En.    Temperature Pressure (bar)
    6.77604e+04   -2.98921e+05   -2.77211e+05    2.99346e+02   -1.86322e+02
   Constr. rmsd
    0.00000e+00

           Step           Time
         405000      810.00000

   Energies (kJ/mol)
           Bond          Angle    Proper Dih. Per. Imp. Dih.          LJ-14
    1.15523e+03    3.43230e+03    4.09471e+03    2.28321e+02    1.51020e+03
     Coulomb-14        LJ (SR)   Coulomb (SR)   Coul. recip.      Potential
    1.70202e+04    5.00932e+04   -4.44284e+05    1.55446e+03   -3.65195e+05
    Kinetic En.   Total Energy  Conserved En.    Temperature Pressure (bar)
    6.87549e+04   -2.96441e+05   -2.76616e+05    3.03740e+02    1.18822e+02
   Constr. rmsd
    0.00000e+00

           Step           Time
         410000      820.00000

   Energies (kJ/mol)
           Bond          Angle    Proper Dih. Per. Imp. Dih.          LJ-14
    1.25608e+03    3.17748e+03    4.08419e+03    2.39755e+02    1.59670e+03
     Coulomb-14        LJ (SR)   Coulomb (SR)   Coul. recip.      Potential
    1.71744e+04    5.18497e+04   -4.47488e+05    1.44813e+03   -3.66662e+05
    Kinetic En.   Total Energy  Conserved En.    Temperature Pressure (bar)
    6.75979e+04   -2.99064e+05   -2.76158e+05    2.98628e+02    4.33410e+02
   Constr. rmsd
    0.00000e+00

           Step           Time
         415000      830.00000

   Energies (kJ/mol)
           Bond          Angle    Proper Dih. Per. Imp. Dih.          LJ-14
    1.24653e+03    3.24875e+03    4.13917e+03    2.12836e+02    1.46472e+03
     Coulomb-14        LJ (SR)   Coulomb (SR)   Coul. recip.      Potential
    1.70601e+04    4.95932e+04   -4.44965e+05    1.51990e+03   -3.66480e+05
    Kinetic En.   Total Energy  Conserved En.    Temperature Pressure (bar)
    6.81268e+04   -2.98353e+05   -2.75966e+05    3.00965e+02   -3.52748e+02
   Constr. rmsd
    0.00000e+00

           Step           Time
         420000      840.00000

   Energies (kJ/mol)
           Bond          Angle    Proper Dih. Per. Imp. Dih.          LJ-14
    1.22641e+03    3.31487e+03    4.14902e+03    2.02614e+02    1.45458e+03
     Coulomb-14        LJ (SR)   Coulomb (SR)   Coul. recip.      Potential
    1.70135e+04    4.91953e+04   -4.43078e+05    1.49146e+03   -3.65030e+05
    Kinetic En.   Total Energy  Conserved En.    Temperature Pressure (bar)
    6.82727e+04   -2.96758e+05   -2.75660e+05    3.01610e+02   -4.42172e+02
   Constr. rmsd
    0.00000e+00

           Step           Time
         425000      850.00000

   Energies (kJ/mol)
           Bond          Angle    Proper Dih. Per. Imp. Dih.          LJ-14
    1.19465e+03    3.14139e+03    4.16478e+03    2.26978e+02    1.52820e+03
     Coulomb-14        LJ (SR)   Coulomb (SR)   Coul. recip.      Potential
    1.72155e+04    5.05750e+04   -4.45724e+05    1.49153e+03   -3.66186e+05
    Kinetic En.   Total Energy  Conserved En.    Temperature Pressure (bar)
    6.71990e+04   -2.98987e+05   -2.75160e+05    2.96866e+02   -5.34770e+01
   Constr. rmsd
    0.00000e+00

           Step           Time
         430000      860.00000

   Energies (kJ/mol)
           Bond          Angle    Proper Dih. Per. Imp. Dih.          LJ-14
    1.25362e+03    3.13802e+03    4.14857e+03    2.14692e+02    1.41629e+03
     Coulomb-14        LJ (SR)   Coulomb (SR)   Coul. recip.      Potential
    1.70866e+04    5.08010e+04   -4.46936e+05    1.52438e+03   -3.67352e+05
    Kinetic En.   Total Energy  Conserved En.    Temperature Pressure (bar)
    6.84741e+04   -2.98878e+05   -2.74846e+05    3.02499e+02   -1.83806e+02
   Constr. rmsd
    0.00000e+00

           Step           Time
         435000      870.00000

   Energies (kJ/mol)
           Bond          Angle    Proper Dih. Per. Imp. Dih.          LJ-14
    1.21333e+03    3.12221e+03    4.08126e+03    2.11004e+02    1.50840e+03
     Coulomb-14        LJ (SR)   Coulomb (SR)   Coul. recip.      Potential
    1.69709e+04    5.16051e+04   -4.46594e+05    1.50563e+03   -3.66377e+05
    Kinetic En.   Total Energy  Conserved En.    Temperature Pressure (bar)
    6.74445e+04   -2.98932e+05   -2.74687e+05    2.97951e+02    1.23471e+02
   Constr. rmsd
    0.00000e+00

           Step           Time
         440000      880.00000

   Energies (kJ/mol)
           Bond          Angle    Proper Dih. Per. Imp. Dih.          LJ-14
    1.21197e+03    3.31522e+03    4.14350e+03    2.32768e+02    1.56861e+03
     Coulomb-14        LJ (SR)   Coulomb (SR)   Coul. recip.      Potential
    1.69963e+04    5.11351e+04   -4.46182e+05    1.51689e+03   -3.66061e+05
    Kinetic En.   Total Energy  Conserved En.    Temperature Pressure (bar)
    6.78712e+04   -2.98190e+05   -2.74209e+05    2.99836e+02    3.98076e+02
   Constr. rmsd
    0.00000e+00

           Step           Time
         445000      890.00000

   Energies (kJ/mol)
           Bond          Angle    Proper Dih. Per. Imp. Dih.          LJ-14
    1.23568e+03    3.08823e+03    4.07654e+03    1.95188e+02    1.50039e+03
     Coulomb-14        LJ (SR)   Coulomb (SR)   Coul. recip.      Potential
    1.70860e+04    5.15918e+04   -4.46591e+05    1.50186e+03   -3.66316e+05
    Kinetic En.   Total Energy  Conserved En.    Temperature Pressure (bar)
    6.74719e+04   -2.98844e+05   -2.74029e+05    2.98072e+02    4.16571e+01
   Constr. rmsd
    0.00000e+00

           Step           Time
         450000      900.00000

   Energies (kJ/mol)
           Bond          Angle    Proper Dih. Per. Imp. Dih.          LJ-14
    1.26123e+03    3.34453e+03    4.09692e+03    2.20294e+02    1.50042e+03
     Coulomb-14        LJ (SR)   Coulomb (SR)   Coul. recip.      Potential
    1.69301e+04    5.03606e+04   -4.44894e+05    1.56081e+03   -3.65619e+05
    Kinetic En.   Total Energy  Conserved En.    Temperature Pressure (bar)
    6.75517e+04   -2.98068e+05   -2.73848e+05    2.98424e+02    3.14871e+01
   Constr. rmsd
    0.00000e+00

           Step           Time
         455000      910.00000

   Energies (kJ/mol)
           Bond          Angle    Proper Dih. Per. Imp. Dih.          LJ-14
    1.23754e+03    3.19960e+03    4.13346e+03    1.94664e+02    1.54169e+03
     Coulomb-14        LJ (SR)   Coulomb (SR)   Coul. recip.      Potential
    1.71346e+04    5.09370e+04   -4.45645e+05    1.52422e+03   -3.65742e+05
    Kinetic En.   Total Energy  Conserved En.    Temperature Pressure (bar)
    6.87955e+04   -2.96947e+05   -2.73490e+05    3.03919e+02    2.18622e+02
   Constr. rmsd
    0.00000e+00

           Step           Time
         460000      920.00000

   Energies (kJ/mol)
           Bond          Angle    Proper Dih. Per. Imp. Dih.          LJ-14
    1.23658e+03    3.14617e+03    4.09241e+03    1.80470e+02    1.51198e+03
     Coulomb-14        LJ (SR)   Coulomb (SR)   Coul. recip.      Potential
    1.70144e+04    4.97157e+04   -4.44646e+05    1.51559e+03   -3.66232e+05
    Kinetic En.   Total Energy  Conserved En.    Temperature Pressure (bar)
    6.72639e+04   -2.98968e+05   -2.73404e+05    2.97153e+02   -2.34542e+02
   Constr. rmsd
    0.00000e+00

           Step           Time
         465000      930.00000

   Energies (kJ/mol)
           Bond          Angle    Proper Dih. Per. Imp. Dih.          LJ-14
    1.19827e+03    3.15635e+03    4.09776e+03    2.40664e+02    1.52379e+03
     Coulomb-14        LJ (SR)   Coulomb (SR)   Coul. recip.      Potential
    1.72210e+04    5.04421e+04   -4.46282e+05    1.47738e+03   -3.66924e+05
    Kinetic En.   Total Energy  Conserved En.    Temperature Pressure (bar)
    6.72780e+04   -2.99646e+05   -2.73158e+05    2.97215e+02   -9.76037e+01
   Constr. rmsd
    0.00000e+00

